---
source: crates/voom-dsl/tests/parser_snapshots.rs
expression: ast
---
name: transcode
config: ~
phases:
  - name: tc
    skip_when:
      FieldCompare:
        - - video
          - codec
        - In
        - List:
            - Ident: hevc
            - Ident: h265
    depends_on: []
    run_if: ~
    on_error: ~
    operations:
      - node:
          Transcode:
            target: video
            codec: hevc
            settings:
              - - crf
                - Number:
                    - 20
                    - "20"
              - - preset
                - Ident: medium
              - - crop
                - Ident: auto
              - - crop_sample_duration
                - Number:
                    - 60
                    - "60"
              - - crop_sample_count
                - Number:
                    - 3
                    - "3"
              - - crop_threshold
                - Number:
                    - 24
                    - "24"
              - - crop_minimum
                - Number:
                    - 4
                    - "4"
              - - crop_preserve_bottom_pixels
                - Number:
                    - 60
                    - "60"
              - - crop_aspect_lock
                - List:
                    - String: 16/9
                    - String: 4/3
        span:
          start: 102
          end: 466
          line: 4
          col: 13
      - node:
          Transcode:
            target: audio
            codec: aac
            settings:
              - - bitrate
                - Number:
                    - 192
                    - 192k
        span:
          start: 479
          end: 547
          line: 15
          col: 13
    span:
      start: 29
      end: 557
      line: 2
      col: 9
span:
  start: 0
  end: 563
  line: 1
  col: 1
