---
source: crates/voom-dsl/tests/parser_snapshots.rs
expression: ast
---
name: transcode
extends: ~
metadata: ~
config: ~
phases:
  - name: tc
    extend: false
    skip_when:
      FieldCompare:
        - - video
          - codec
        - In
        - List:
            - Ident: hevc
            - Ident: h265
    depends_on: []
    run_if: ~
    on_error: ~
    operations:
      - node:
          Transcode:
            target: video
            codec: hevc
            settings:
              - - crf
                - Number:
                    - 20
                    - "20"
              - - preset
                - Ident: medium
        span:
          start: 102
          end: 196
          line: 4
          col: 13
      - node:
          Transcode:
            target: audio
            codec: aac
            settings:
              - - bitrate
                - Number:
                    - 192
                    - 192k
        span:
          start: 209
          end: 277
          line: 8
          col: 13
    span:
      start: 29
      end: 287
      line: 2
      col: 9
span:
  start: 0
  end: 293
  line: 1
  col: 1
